<?php
return array (
  'Overblog\\GraphQLBundle\\__DEFINITIONS__\\RichTextBlockAttributeValueType' => __DIR__ . '/RichTextBlockAttributeValueType.php',
  'Overblog\\GraphQLBundle\\__DEFINITIONS__\\PageBlockType' => __DIR__ . '/PageBlockType.php',
  'Overblog\\GraphQLBundle\\__DEFINITIONS__\\BasePageBlockType' => __DIR__ . '/BasePageBlockType.php',
  'Overblog\\GraphQLBundle\\__DEFINITIONS__\\PageBlockPropertiesType' => __DIR__ . '/PageBlockPropertiesType.php',
  'Overblog\\GraphQLBundle\\__DEFINITIONS__\\PageBlockAttributeType' => __DIR__ . '/PageBlockAttributeType.php',
  'Overblog\\GraphQLBundle\\__DEFINITIONS__\\PageType' => __DIR__ . '/PageType.php',
  'Overblog\\GraphQLBundle\\__DEFINITIONS__\\PageZoneType' => __DIR__ . '/PageZoneType.php',
  'Overblog\\GraphQLBundle\\__DEFINITIONS__\\ItemAddedSchedulerBlockEventType' => __DIR__ . '/ItemAddedSchedulerBlockEventType.php',
  'Overblog\\GraphQLBundle\\__DEFINITIONS__\\ItemRemovedSchedulerBlockEventType' => __DIR__ . '/ItemRemovedSchedulerBlockEventType.php',
  'Overblog\\GraphQLBundle\\__DEFINITIONS__\\ItemsReorderedSchedulerBlockEventType' => __DIR__ . '/ItemsReorderedSchedulerBlockEventType.php',
  'Overblog\\GraphQLBundle\\__DEFINITIONS__\\LimitChangedSchedulerBlockEventType' => __DIR__ . '/LimitChangedSchedulerBlockEventType.php',
  'Overblog\\GraphQLBundle\\__DEFINITIONS__\\BasePageBlockAttributeType' => __DIR__ . '/BasePageBlockAttributeType.php',
  'Overblog\\GraphQLBundle\\__DEFINITIONS__\\SchedulerBlockSlotType' => __DIR__ . '/SchedulerBlockSlotType.php',
  'Overblog\\GraphQLBundle\\__DEFINITIONS__\\SchedulerBlockItemType' => __DIR__ . '/SchedulerBlockItemType.php',
  'Overblog\\GraphQLBundle\\__DEFINITIONS__\\SchedulerBlockSnapshotType' => __DIR__ . '/SchedulerBlockSnapshotType.php',
  'Overblog\\GraphQLBundle\\__DEFINITIONS__\\SchedulerBlockEventType' => __DIR__ . '/SchedulerBlockEventType.php',
  'Overblog\\GraphQLBundle\\__DEFINITIONS__\\BaseSchedulerBlockEventType' => __DIR__ . '/BaseSchedulerBlockEventType.php',
  'Overblog\\GraphQLBundle\\__DEFINITIONS__\\BaseTaxonomyType' => __DIR__ . '/BaseTaxonomyType.php',
  'Overblog\\GraphQLBundle\\__DEFINITIONS__\\TaxonomyEntryType' => __DIR__ . '/TaxonomyEntryType.php',
  'Overblog\\GraphQLBundle\\__DEFINITIONS__\\TaxonomyEntryConnectionType' => __DIR__ . '/TaxonomyEntryConnectionType.php',
  'Overblog\\GraphQLBundle\\__DEFINITIONS__\\ProductAvailabilityType' => __DIR__ . '/ProductAvailabilityType.php',
  'Overblog\\GraphQLBundle\\__DEFINITIONS__\\SortByProductOptionsType' => __DIR__ . '/SortByProductOptionsType.php',
  'Overblog\\GraphQLBundle\\__DEFINITIONS__\\ProductInterfaceType' => __DIR__ . '/ProductInterfaceType.php',
  'Overblog\\GraphQLBundle\\__DEFINITIONS__\\ContentAwareInterfaceType' => __DIR__ . '/ContentAwareInterfaceType.php',
  'Overblog\\GraphQLBundle\\__DEFINITIONS__\\BaseProductType' => __DIR__ . '/BaseProductType.php',
  'Overblog\\GraphQLBundle\\__DEFINITIONS__\\ProductContentFieldsInterfaceType' => __DIR__ . '/ProductContentFieldsInterfaceType.php',
  'Overblog\\GraphQLBundle\\__DEFINITIONS__\\ProductContentFieldType' => __DIR__ . '/ProductContentFieldType.php',
  'Overblog\\GraphQLBundle\\__DEFINITIONS__\\PriceType' => __DIR__ . '/PriceType.php',
  'Overblog\\GraphQLBundle\\__DEFINITIONS__\\CurrencyType' => __DIR__ . '/CurrencyType.php',
  'Overblog\\GraphQLBundle\\__DEFINITIONS__\\BaseProductConnectionType' => __DIR__ . '/BaseProductConnectionType.php',
  'Overblog\\GraphQLBundle\\__DEFINITIONS__\\ProductTypeInterfaceType' => __DIR__ . '/ProductTypeInterfaceType.php',
  'Overblog\\GraphQLBundle\\__DEFINITIONS__\\ContentTypeAwareInterfaceType' => __DIR__ . '/ContentTypeAwareInterfaceType.php',
  'Overblog\\GraphQLBundle\\__DEFINITIONS__\\BaseProductTypeType' => __DIR__ . '/BaseProductTypeType.php',
  'Overblog\\GraphQLBundle\\__DEFINITIONS__\\AttributeAssignmentType' => __DIR__ . '/AttributeAssignmentType.php',
  'Overblog\\GraphQLBundle\\__DEFINITIONS__\\AttributeDefinitionType' => __DIR__ . '/AttributeDefinitionType.php',
  'Overblog\\GraphQLBundle\\__DEFINITIONS__\\AttributeTypeType' => __DIR__ . '/AttributeTypeType.php',
  'Overblog\\GraphQLBundle\\__DEFINITIONS__\\AttributeGroupType' => __DIR__ . '/AttributeGroupType.php',
  'Overblog\\GraphQLBundle\\__DEFINITIONS__\\OptionType' => __DIR__ . '/OptionType.php',
  'Overblog\\GraphQLBundle\\__DEFINITIONS__\\ProductAttributesInterfaceType' => __DIR__ . '/ProductAttributesInterfaceType.php',
  'Overblog\\GraphQLBundle\\__DEFINITIONS__\\AttributeInterfaceType' => __DIR__ . '/AttributeInterfaceType.php',
  'Overblog\\GraphQLBundle\\__DEFINITIONS__\\CheckboxAttributeType' => __DIR__ . '/CheckboxAttributeType.php',
  'Overblog\\GraphQLBundle\\__DEFINITIONS__\\ColorAttributeType' => __DIR__ . '/ColorAttributeType.php',
  'Overblog\\GraphQLBundle\\__DEFINITIONS__\\FloatAttributeType' => __DIR__ . '/FloatAttributeType.php',
  'Overblog\\GraphQLBundle\\__DEFINITIONS__\\IntegerAttributeType' => __DIR__ . '/IntegerAttributeType.php',
  'Overblog\\GraphQLBundle\\__DEFINITIONS__\\SelectionAttributeType' => __DIR__ . '/SelectionAttributeType.php',
  'Overblog\\GraphQLBundle\\__DEFINITIONS__\\UntypedAttributeType' => __DIR__ . '/UntypedAttributeType.php',
  'Overblog\\GraphQLBundle\\__DEFINITIONS__\\ContentQueryFieldDefinitionType' => __DIR__ . '/ContentQueryFieldDefinitionType.php',
  'Overblog\\GraphQLBundle\\__DEFINITIONS__\\ContentQueryFieldSettingsType' => __DIR__ . '/ContentQueryFieldSettingsType.php',
  'Overblog\\GraphQLBundle\\__DEFINITIONS__\\ContentQueryFieldParameterType' => __DIR__ . '/ContentQueryFieldParameterType.php',
  'Overblog\\GraphQLBundle\\__DEFINITIONS__\\UserType' => __DIR__ . '/UserType.php',
  'Overblog\\GraphQLBundle\\__DEFINITIONS__\\UserGroupType' => __DIR__ . '/UserGroupType.php',
  'Overblog\\GraphQLBundle\\__DEFINITIONS__\\ContentTypeType' => __DIR__ . '/ContentTypeType.php',
  'Overblog\\GraphQLBundle\\__DEFINITIONS__\\ContentTypeGroupType' => __DIR__ . '/ContentTypeGroupType.php',
  'Overblog\\GraphQLBundle\\__DEFINITIONS__\\FieldDefinitionType' => __DIR__ . '/FieldDefinitionType.php',
  'Overblog\\GraphQLBundle\\__DEFINITIONS__\\CheckboxFieldDefinitionType' => __DIR__ . '/CheckboxFieldDefinitionType.php',
  'Overblog\\GraphQLBundle\\__DEFINITIONS__\\TextBlockFieldDefinitionType' => __DIR__ . '/TextBlockFieldDefinitionType.php',
  'Overblog\\GraphQLBundle\\__DEFINITIONS__\\TextLineFieldDefinitionType' => __DIR__ . '/TextLineFieldDefinitionType.php',
  'Overblog\\GraphQLBundle\\__DEFINITIONS__\\TextLineFieldDefinitionConstraintsType' => __DIR__ . '/TextLineFieldDefinitionConstraintsType.php',
  'Overblog\\GraphQLBundle\\__DEFINITIONS__\\FloatFieldDefinitionType' => __DIR__ . '/FloatFieldDefinitionType.php',
  'Overblog\\GraphQLBundle\\__DEFINITIONS__\\FloatFieldDefinitionConstraintsType' => __DIR__ . '/FloatFieldDefinitionConstraintsType.php',
  'Overblog\\GraphQLBundle\\__DEFINITIONS__\\IntegerFieldDefinitionType' => __DIR__ . '/IntegerFieldDefinitionType.php',
  'Overblog\\GraphQLBundle\\__DEFINITIONS__\\IntegerFieldDefinitionConstraintsType' => __DIR__ . '/IntegerFieldDefinitionConstraintsType.php',
  'Overblog\\GraphQLBundle\\__DEFINITIONS__\\BinaryFieldDefinitionType' => __DIR__ . '/BinaryFieldDefinitionType.php',
  'Overblog\\GraphQLBundle\\__DEFINITIONS__\\BinaryFieldDefinitionConstraintsType' => __DIR__ . '/BinaryFieldDefinitionConstraintsType.php',
  'Overblog\\GraphQLBundle\\__DEFINITIONS__\\MediaFieldDefinitionType' => __DIR__ . '/MediaFieldDefinitionType.php',
  'Overblog\\GraphQLBundle\\__DEFINITIONS__\\MediaFieldDefinitionSettingsType' => __DIR__ . '/MediaFieldDefinitionSettingsType.php',
  'Overblog\\GraphQLBundle\\__DEFINITIONS__\\CountryFieldDefinitionType' => __DIR__ . '/CountryFieldDefinitionType.php',
  'Overblog\\GraphQLBundle\\__DEFINITIONS__\\CountryFieldDefinitionSettingsType' => __DIR__ . '/CountryFieldDefinitionSettingsType.php',
  'Overblog\\GraphQLBundle\\__DEFINITIONS__\\SelectionFieldDefinitionType' => __DIR__ . '/SelectionFieldDefinitionType.php',
  'Overblog\\GraphQLBundle\\__DEFINITIONS__\\SelectionFieldDefinitionSettingsType' => __DIR__ . '/SelectionFieldDefinitionSettingsType.php',
  'Overblog\\GraphQLBundle\\__DEFINITIONS__\\SelectionFieldDefinitionOptionType' => __DIR__ . '/SelectionFieldDefinitionOptionType.php',
  'Overblog\\GraphQLBundle\\__DEFINITIONS__\\RelationFieldDefinitionType' => __DIR__ . '/RelationFieldDefinitionType.php',
  'Overblog\\GraphQLBundle\\__DEFINITIONS__\\RelationFieldDefinitionSettingsType' => __DIR__ . '/RelationFieldDefinitionSettingsType.php',
  'Overblog\\GraphQLBundle\\__DEFINITIONS__\\RelationListFieldDefinitionConstraintsType' => __DIR__ . '/RelationListFieldDefinitionConstraintsType.php',
  'Overblog\\GraphQLBundle\\__DEFINITIONS__\\RelationListFieldDefinitionType' => __DIR__ . '/RelationListFieldDefinitionType.php',
  'Overblog\\GraphQLBundle\\__DEFINITIONS__\\RepositoryType' => __DIR__ . '/RepositoryType.php',
  'Overblog\\GraphQLBundle\\__DEFINITIONS__\\PlatformType' => __DIR__ . '/PlatformType.php',
  'Overblog\\GraphQLBundle\\__DEFINITIONS__\\GenericFieldValueType' => __DIR__ . '/GenericFieldValueType.php',
  'Overblog\\GraphQLBundle\\__DEFINITIONS__\\ImageFieldValueType' => __DIR__ . '/ImageFieldValueType.php',
  'Overblog\\GraphQLBundle\\__DEFINITIONS__\\ImageAdditionalDataType' => __DIR__ . '/ImageAdditionalDataType.php',
  'Overblog\\GraphQLBundle\\__DEFINITIONS__\\ImageVariationType' => __DIR__ . '/ImageVariationType.php',
  'Overblog\\GraphQLBundle\\__DEFINITIONS__\\AuthorFieldValueType' => __DIR__ . '/AuthorFieldValueType.php',
  'Overblog\\GraphQLBundle\\__DEFINITIONS__\\BinaryFileFieldValueType' => __DIR__ . '/BinaryFileFieldValueType.php',
  'Overblog\\GraphQLBundle\\__DEFINITIONS__\\CountryFieldValueType' => __DIR__ . '/CountryFieldValueType.php',
  'Overblog\\GraphQLBundle\\__DEFINITIONS__\\DateFieldValueType' => __DIR__ . '/DateFieldValueType.php',
  'Overblog\\GraphQLBundle\\__DEFINITIONS__\\DateAndTimeFieldValueType' => __DIR__ . '/DateAndTimeFieldValueType.php',
  'Overblog\\GraphQLBundle\\__DEFINITIONS__\\EmailAddressFieldValueType' => __DIR__ . '/EmailAddressFieldValueType.php',
  'Overblog\\GraphQLBundle\\__DEFINITIONS__\\KeywordFieldValueType' => __DIR__ . '/KeywordFieldValueType.php',
  'Overblog\\GraphQLBundle\\__DEFINITIONS__\\MapLocationFieldValueType' => __DIR__ . '/MapLocationFieldValueType.php',
  'Overblog\\GraphQLBundle\\__DEFINITIONS__\\MediaFieldValueType' => __DIR__ . '/MediaFieldValueType.php',
  'Overblog\\GraphQLBundle\\__DEFINITIONS__\\PriceFieldValueType' => __DIR__ . '/PriceFieldValueType.php',
  'Overblog\\GraphQLBundle\\__DEFINITIONS__\\RatingFieldValueType' => __DIR__ . '/RatingFieldValueType.php',
  'Overblog\\GraphQLBundle\\__DEFINITIONS__\\RichTextFieldValueType' => __DIR__ . '/RichTextFieldValueType.php',
  'Overblog\\GraphQLBundle\\__DEFINITIONS__\\SelectionFieldValueType' => __DIR__ . '/SelectionFieldValueType.php',
  'Overblog\\GraphQLBundle\\__DEFINITIONS__\\ObjectStateGroupType' => __DIR__ . '/ObjectStateGroupType.php',
  'Overblog\\GraphQLBundle\\__DEFINITIONS__\\ContentSearchQueryType' => __DIR__ . '/ContentSearchQueryType.php',
  'Overblog\\GraphQLBundle\\__DEFINITIONS__\\FieldCriterionInputType' => __DIR__ . '/FieldCriterionInputType.php',
  'Overblog\\GraphQLBundle\\__DEFINITIONS__\\DateInputType' => __DIR__ . '/DateInputType.php',
  'Overblog\\GraphQLBundle\\__DEFINITIONS__\\DateCriterionOperatorType' => __DIR__ . '/DateCriterionOperatorType.php',
  'Overblog\\GraphQLBundle\\__DEFINITIONS__\\SortByOptionsType' => __DIR__ . '/SortByOptionsType.php',
  'Overblog\\GraphQLBundle\\__DEFINITIONS__\\ObjectStateType' => __DIR__ . '/ObjectStateType.php',
  'Overblog\\GraphQLBundle\\__DEFINITIONS__\\DomainContentType' => __DIR__ . '/DomainContentType.php',
  'Overblog\\GraphQLBundle\\__DEFINITIONS__\\AbstractDomainContentType' => __DIR__ . '/AbstractDomainContentType.php',
  'Overblog\\GraphQLBundle\\__DEFINITIONS__\\UntypedContentType' => __DIR__ . '/UntypedContentType.php',
  'Overblog\\GraphQLBundle\\__DEFINITIONS__\\DomainContentTypeGroupType' => __DIR__ . '/DomainContentTypeGroupType.php',
  'Overblog\\GraphQLBundle\\__DEFINITIONS__\\DomainContentTypeType' => __DIR__ . '/DomainContentTypeType.php',
  'Overblog\\GraphQLBundle\\__DEFINITIONS__\\BaseDomainContentTypeType' => __DIR__ . '/BaseDomainContentTypeType.php',
  'Overblog\\GraphQLBundle\\__DEFINITIONS__\\ThumbnailType' => __DIR__ . '/ThumbnailType.php',
  'Overblog\\GraphQLBundle\\__DEFINITIONS__\\NodeType' => __DIR__ . '/NodeType.php',
  'Overblog\\GraphQLBundle\\__DEFINITIONS__\\ContentType' => __DIR__ . '/ContentType.php',
  'Overblog\\GraphQLBundle\\__DEFINITIONS__\\ContentRelationType' => __DIR__ . '/ContentRelationType.php',
  'Overblog\\GraphQLBundle\\__DEFINITIONS__\\RelationTypeType' => __DIR__ . '/RelationTypeType.php',
  'Overblog\\GraphQLBundle\\__DEFINITIONS__\\ItemType' => __DIR__ . '/ItemType.php',
  'Overblog\\GraphQLBundle\\__DEFINITIONS__\\AbstractItemType' => __DIR__ . '/AbstractItemType.php',
  'Overblog\\GraphQLBundle\\__DEFINITIONS__\\UntypedItemType' => __DIR__ . '/UntypedItemType.php',
  'Overblog\\GraphQLBundle\\__DEFINITIONS__\\ItemTypeGroupType' => __DIR__ . '/ItemTypeGroupType.php',
  'Overblog\\GraphQLBundle\\__DEFINITIONS__\\ItemTypeType' => __DIR__ . '/ItemTypeType.php',
  'Overblog\\GraphQLBundle\\__DEFINITIONS__\\BaseItemTypeType' => __DIR__ . '/BaseItemTypeType.php',
  'Overblog\\GraphQLBundle\\__DEFINITIONS__\\SectionType' => __DIR__ . '/SectionType.php',
  'Overblog\\GraphQLBundle\\__DEFINITIONS__\\DateFormatConstantType' => __DIR__ . '/DateFormatConstantType.php',
  'Overblog\\GraphQLBundle\\__DEFINITIONS__\\DateTimeType' => __DIR__ . '/DateTimeType.php',
  'Overblog\\GraphQLBundle\\__DEFINITIONS__\\PlatformMutationType' => __DIR__ . '/PlatformMutationType.php',
  'Overblog\\GraphQLBundle\\__DEFINITIONS__\\UploadedFilesPayloadType' => __DIR__ . '/UploadedFilesPayloadType.php',
  'Overblog\\GraphQLBundle\\__DEFINITIONS__\\DeleteContentPayloadType' => __DIR__ . '/DeleteContentPayloadType.php',
  'Overblog\\GraphQLBundle\\__DEFINITIONS__\\CreatedTokenPayloadType' => __DIR__ . '/CreatedTokenPayloadType.php',
  'Overblog\\GraphQLBundle\\__DEFINITIONS__\\VersionType' => __DIR__ . '/VersionType.php',
  'Overblog\\GraphQLBundle\\__DEFINITIONS__\\LocationType' => __DIR__ . '/LocationType.php',
  'Overblog\\GraphQLBundle\\__DEFINITIONS__\\LocationSortByOptionsType' => __DIR__ . '/LocationSortByOptionsType.php',
  'Overblog\\GraphQLBundle\\__DEFINITIONS__\\LocationConnectionType' => __DIR__ . '/LocationConnectionType.php',
  'Overblog\\GraphQLBundle\\__DEFINITIONS__\\ConnectionPageType' => __DIR__ . '/ConnectionPageType.php',
  'Overblog\\GraphQLBundle\\__DEFINITIONS__\\AuthorInputType' => __DIR__ . '/AuthorInputType.php',
  'Overblog\\GraphQLBundle\\__DEFINITIONS__\\RichTextFieldInputType' => __DIR__ . '/RichTextFieldInputType.php',
  'Overblog\\GraphQLBundle\\__DEFINITIONS__\\UrlFieldInputType' => __DIR__ . '/UrlFieldInputType.php',
  'Overblog\\GraphQLBundle\\__DEFINITIONS__\\MapLocationFieldInputType' => __DIR__ . '/MapLocationFieldInputType.php',
  'Overblog\\GraphQLBundle\\__DEFINITIONS__\\DateFieldInputType' => __DIR__ . '/DateFieldInputType.php',
  'Overblog\\GraphQLBundle\\__DEFINITIONS__\\RichTextFieldInputFormatType' => __DIR__ . '/RichTextFieldInputFormatType.php',
  'Overblog\\GraphQLBundle\\__DEFINITIONS__\\DateInputFormatType' => __DIR__ . '/DateInputFormatType.php',
  'Overblog\\GraphQLBundle\\__DEFINITIONS__\\MediaFieldInputType' => __DIR__ . '/MediaFieldInputType.php',
  'Overblog\\GraphQLBundle\\__DEFINITIONS__\\ImageFieldInputType' => __DIR__ . '/ImageFieldInputType.php',
  'Overblog\\GraphQLBundle\\__DEFINITIONS__\\BinaryFieldInputType' => __DIR__ . '/BinaryFieldInputType.php',
  'Overblog\\GraphQLBundle\\__DEFINITIONS__\\FileUploadType' => __DIR__ . '/FileUploadType.php',
  'Overblog\\GraphQLBundle\\__DEFINITIONS__\\UrlAliasType' => __DIR__ . '/UrlAliasType.php',
  'Overblog\\GraphQLBundle\\__DEFINITIONS__\\LocationUrlAliasType' => __DIR__ . '/LocationUrlAliasType.php',
  'Overblog\\GraphQLBundle\\__DEFINITIONS__\\ResourceUrlAliasType' => __DIR__ . '/ResourceUrlAliasType.php',
  'Overblog\\GraphQLBundle\\__DEFINITIONS__\\VirtualUrlAliasType' => __DIR__ . '/VirtualUrlAliasType.php',
  'Overblog\\GraphQLBundle\\__DEFINITIONS__\\FolderItemType' => __DIR__ . '/FolderItemType.php',
  'Overblog\\GraphQLBundle\\__DEFINITIONS__\\EditorItemTypeType' => __DIR__ . '/EditorItemTypeType.php',
  'Overblog\\GraphQLBundle\\__DEFINITIONS__\\IbexaNewsPageBlockViewsType' => __DIR__ . '/IbexaNewsPageBlockViewsType.php',
  'Overblog\\GraphQLBundle\\__DEFINITIONS__\\FileItemCreateInputType' => __DIR__ . '/FileItemCreateInputType.php',
  'Overblog\\GraphQLBundle\\__DEFINITIONS__\\ProductCategoryTagItemTypeType' => __DIR__ . '/ProductCategoryTagItemTypeType.php',
  'Overblog\\GraphQLBundle\\__DEFINITIONS__\\QualifioPageBlockViewsType' => __DIR__ . '/QualifioPageBlockViewsType.php',
  'Overblog\\GraphQLBundle\\__DEFINITIONS__\\EditorItemUpdateInputType' => __DIR__ . '/EditorItemUpdateInputType.php',
  'Overblog\\GraphQLBundle\\__DEFINITIONS__\\CollectionPageBlockType' => __DIR__ . '/CollectionPageBlockType.php',
  'Overblog\\GraphQLBundle\\__DEFINITIONS__\\ItemGroupContentTypesType' => __DIR__ . '/ItemGroupContentTypesType.php',
  'Overblog\\GraphQLBundle\\__DEFINITIONS__\\ContentlistPageBlockViewsType' => __DIR__ . '/ContentlistPageBlockViewsType.php',
  'Overblog\\GraphQLBundle\\__DEFINITIONS__\\ArticleItemCreateInputType' => __DIR__ . '/ArticleItemCreateInputType.php',
  'Overblog\\GraphQLBundle\\__DEFINITIONS__\\CustomerPortalPageItemType' => __DIR__ . '/CustomerPortalPageItemType.php',
  'Overblog\\GraphQLBundle\\__DEFINITIONS__\\ProductCategoryTagItemConnectionType' => __DIR__ . '/ProductCategoryTagItemConnectionType.php',
  'Overblog\\GraphQLBundle\\__DEFINITIONS__\\ContentTypeIdentifierType' => __DIR__ . '/ContentTypeIdentifierType.php',
  'Overblog\\GraphQLBundle\\__DEFINITIONS__\\LandingPageItemCreateInputType' => __DIR__ . '/LandingPageItemCreateInputType.php',
  'Overblog\\GraphQLBundle\\__DEFINITIONS__\\FormPageBlockViewsType' => __DIR__ . '/FormPageBlockViewsType.php',
  'Overblog\\GraphQLBundle\\__DEFINITIONS__\\IbexaActivityLogListPageBlockViewsType' => __DIR__ . '/IbexaActivityLogListPageBlockViewsType.php',
  'Overblog\\GraphQLBundle\\__DEFINITIONS__\\RecentlyAddedPageBlockViewsType' => __DIR__ . '/RecentlyAddedPageBlockViewsType.php',
  'Overblog\\GraphQLBundle\\__DEFINITIONS__\\ImageItemConnectionType' => __DIR__ . '/ImageItemConnectionType.php',
  'Overblog\\GraphQLBundle\\__DEFINITIONS__\\VideoPageBlockViewsType' => __DIR__ . '/VideoPageBlockViewsType.php',
  'Overblog\\GraphQLBundle\\__DEFINITIONS__\\EditorItemCreateInputType' => __DIR__ . '/EditorItemCreateInputType.php',
  'Overblog\\GraphQLBundle\\__DEFINITIONS__\\ProductCategoryTagItemType' => __DIR__ . '/ProductCategoryTagItemType.php',
  'Overblog\\GraphQLBundle\\__DEFINITIONS__\\UserItemUpdateInputType' => __DIR__ . '/UserItemUpdateInputType.php',
  'Overblog\\GraphQLBundle\\__DEFINITIONS__\\IbexaNewsPageBlockType' => __DIR__ . '/IbexaNewsPageBlockType.php',
  'Overblog\\GraphQLBundle\\__DEFINITIONS__\\MyContentPageBlockType' => __DIR__ . '/MyContentPageBlockType.php',
  'Overblog\\GraphQLBundle\\__DEFINITIONS__\\ImageItemTypeType' => __DIR__ . '/ImageItemTypeType.php',
  'Overblog\\GraphQLBundle\\__DEFINITIONS__\\RichtextPageBlockViewsType' => __DIR__ . '/RichtextPageBlockViewsType.php',
  'Overblog\\GraphQLBundle\\__DEFINITIONS__\\SchedulePageBlockViewsType' => __DIR__ . '/SchedulePageBlockViewsType.php',
  'Overblog\\GraphQLBundle\\__DEFINITIONS__\\GalleryPageBlockViewsType' => __DIR__ . '/GalleryPageBlockViewsType.php',
  'Overblog\\GraphQLBundle\\__DEFINITIONS__\\ItemGroupCustomerPortalTypesType' => __DIR__ . '/ItemGroupCustomerPortalTypesType.php',
  'Overblog\\GraphQLBundle\\__DEFINITIONS__\\ArticleItemUpdateInputType' => __DIR__ . '/ArticleItemUpdateInputType.php',
  'Overblog\\GraphQLBundle\\__DEFINITIONS__\\QuickActionsPageBlockViewsType' => __DIR__ . '/QuickActionsPageBlockViewsType.php',
  'Overblog\\GraphQLBundle\\__DEFINITIONS__\\FolderItemTypeType' => __DIR__ . '/FolderItemTypeType.php',
  'Overblog\\GraphQLBundle\\__DEFINITIONS__\\ImageVariationIdentifierType' => __DIR__ . '/ImageVariationIdentifierType.php',
  'Overblog\\GraphQLBundle\\__DEFINITIONS__\\UserGroupItemCreateInputType' => __DIR__ . '/UserGroupItemCreateInputType.php',
  'Overblog\\GraphQLBundle\\__DEFINITIONS__\\PersonalizedPageBlockType' => __DIR__ . '/PersonalizedPageBlockType.php',
  'Overblog\\GraphQLBundle\\__DEFINITIONS__\\UserItemTypeType' => __DIR__ . '/UserItemTypeType.php',
  'Overblog\\GraphQLBundle\\__DEFINITIONS__\\TagItemType' => __DIR__ . '/TagItemType.php',
  'Overblog\\GraphQLBundle\\__DEFINITIONS__\\RssPageBlockType' => __DIR__ . '/RssPageBlockType.php',
  'Overblog\\GraphQLBundle\\__DEFINITIONS__\\ProductsWithLowestStockPageBlockType' => __DIR__ . '/ProductsWithLowestStockPageBlockType.php',
  'Overblog\\GraphQLBundle\\__DEFINITIONS__\\CustomerPortalPageItemUpdateInputType' => __DIR__ . '/CustomerPortalPageItemUpdateInputType.php',
  'Overblog\\GraphQLBundle\\__DEFINITIONS__\\ImageItemType' => __DIR__ . '/ImageItemType.php',
  'Overblog\\GraphQLBundle\\__DEFINITIONS__\\CatalogPageBlockType' => __DIR__ . '/CatalogPageBlockType.php',
  'Overblog\\GraphQLBundle\\__DEFINITIONS__\\CommonContentPageBlockType' => __DIR__ . '/CommonContentPageBlockType.php',
  'Overblog\\GraphQLBundle\\__DEFINITIONS__\\LandingPageItemTypeType' => __DIR__ . '/LandingPageItemTypeType.php',
  'Overblog\\GraphQLBundle\\__DEFINITIONS__\\EmbedPageBlockViewsType' => __DIR__ . '/EmbedPageBlockViewsType.php',
  'Overblog\\GraphQLBundle\\__DEFINITIONS__\\RssPageBlockViewsType' => __DIR__ . '/RssPageBlockViewsType.php',
  'Overblog\\GraphQLBundle\\__DEFINITIONS__\\FolderItemCreateInputType' => __DIR__ . '/FolderItemCreateInputType.php',
  'Overblog\\GraphQLBundle\\__DEFINITIONS__\\ProductCollectionPageBlockType' => __DIR__ . '/ProductCollectionPageBlockType.php',
  'Overblog\\GraphQLBundle\\__DEFINITIONS__\\SchedulePageBlockType' => __DIR__ . '/SchedulePageBlockType.php',
  'Overblog\\GraphQLBundle\\__DEFINITIONS__\\TagItemUpdateInputType' => __DIR__ . '/TagItemUpdateInputType.php',
  'Overblog\\GraphQLBundle\\__DEFINITIONS__\\UserGroupItemConnectionType' => __DIR__ . '/UserGroupItemConnectionType.php',
  'Overblog\\GraphQLBundle\\__DEFINITIONS__\\CustomerPortalItemCreateInputType' => __DIR__ . '/CustomerPortalItemCreateInputType.php',
  'Overblog\\GraphQLBundle\\__DEFINITIONS__\\ReviewQueuePageBlockViewsType' => __DIR__ . '/ReviewQueuePageBlockViewsType.php',
  'Overblog\\GraphQLBundle\\__DEFINITIONS__\\CommonContentPageBlockViewsType' => __DIR__ . '/CommonContentPageBlockViewsType.php',
  'Overblog\\GraphQLBundle\\__DEFINITIONS__\\TaxonomyProduct_categoriesType' => __DIR__ . '/TaxonomyProduct_categoriesType.php',
  'Overblog\\GraphQLBundle\\__DEFINITIONS__\\FileItemConnectionType' => __DIR__ . '/FileItemConnectionType.php',
  'Overblog\\GraphQLBundle\\__DEFINITIONS__\\FormItemConnectionType' => __DIR__ . '/FormItemConnectionType.php',
  'Overblog\\GraphQLBundle\\__DEFINITIONS__\\RepositoryLanguageType' => __DIR__ . '/RepositoryLanguageType.php',
  'Overblog\\GraphQLBundle\\__DEFINITIONS__\\LastPurchasedPageBlockType' => __DIR__ . '/LastPurchasedPageBlockType.php',
  'Overblog\\GraphQLBundle\\__DEFINITIONS__\\IbexaConnectBlockPageBlockType' => __DIR__ . '/IbexaConnectBlockPageBlockType.php',
  'Overblog\\GraphQLBundle\\__DEFINITIONS__\\TagItemTypeType' => __DIR__ . '/TagItemTypeType.php',
  'Overblog\\GraphQLBundle\\__DEFINITIONS__\\ProductsByCategoriesPageBlockType' => __DIR__ . '/ProductsByCategoriesPageBlockType.php',
  'Overblog\\GraphQLBundle\\__DEFINITIONS__\\ProductsByCategoriesPageBlockViewsType' => __DIR__ . '/ProductsByCategoriesPageBlockViewsType.php',
  'Overblog\\GraphQLBundle\\__DEFINITIONS__\\RichtextPageBlockType' => __DIR__ . '/RichtextPageBlockType.php',
  'Overblog\\GraphQLBundle\\__DEFINITIONS__\\LastViewedPageBlockViewsType' => __DIR__ . '/LastViewedPageBlockViewsType.php',
  'Overblog\\GraphQLBundle\\__DEFINITIONS__\\FormItemCreateInputType' => __DIR__ . '/FormItemCreateInputType.php',
  'Overblog\\GraphQLBundle\\__DEFINITIONS__\\ItemGroupUsersType' => __DIR__ . '/ItemGroupUsersType.php',
  'Overblog\\GraphQLBundle\\__DEFINITIONS__\\ImageItemCreateInputType' => __DIR__ . '/ImageItemCreateInputType.php',
  'Overblog\\GraphQLBundle\\__DEFINITIONS__\\CatalogPageBlockViewsType' => __DIR__ . '/CatalogPageBlockViewsType.php',
  'Overblog\\GraphQLBundle\\__DEFINITIONS__\\ImageItemUpdateInputType' => __DIR__ . '/ImageItemUpdateInputType.php',
  'Overblog\\GraphQLBundle\\__DEFINITIONS__\\FormItemTypeType' => __DIR__ . '/FormItemTypeType.php',
  'Overblog\\GraphQLBundle\\__DEFINITIONS__\\FileItemUpdateInputType' => __DIR__ . '/FileItemUpdateInputType.php',
  'Overblog\\GraphQLBundle\\__DEFINITIONS__\\UserItemConnectionType' => __DIR__ . '/UserItemConnectionType.php',
  'Overblog\\GraphQLBundle\\__DEFINITIONS__\\CustomerPortalPageItemCreateInputType' => __DIR__ . '/CustomerPortalPageItemCreateInputType.php',
  'Overblog\\GraphQLBundle\\__DEFINITIONS__\\QuickActionsPageBlockType' => __DIR__ . '/QuickActionsPageBlockType.php',
  'Overblog\\GraphQLBundle\\__DEFINITIONS__\\BannerPageBlockViewsType' => __DIR__ . '/BannerPageBlockViewsType.php',
  'Overblog\\GraphQLBundle\\__DEFINITIONS__\\CustomerPortalItemTypeType' => __DIR__ . '/CustomerPortalItemTypeType.php',
  'Overblog\\GraphQLBundle\\__DEFINITIONS__\\FolderItemConnectionType' => __DIR__ . '/FolderItemConnectionType.php',
  'Overblog\\GraphQLBundle\\__DEFINITIONS__\\TagItemConnectionType' => __DIR__ . '/TagItemConnectionType.php',
  'Overblog\\GraphQLBundle\\__DEFINITIONS__\\TaxonomyTagsType' => __DIR__ . '/TaxonomyTagsType.php',
  'Overblog\\GraphQLBundle\\__DEFINITIONS__\\DomainType' => __DIR__ . '/DomainType.php',
  'Overblog\\GraphQLBundle\\__DEFINITIONS__\\FolderItemUpdateInputType' => __DIR__ . '/FolderItemUpdateInputType.php',
  'Overblog\\GraphQLBundle\\__DEFINITIONS__\\LastPurchasedPageBlockViewsType' => __DIR__ . '/LastPurchasedPageBlockViewsType.php',
  'Overblog\\GraphQLBundle\\__DEFINITIONS__\\FileItemType' => __DIR__ . '/FileItemType.php',
  'Overblog\\GraphQLBundle\\__DEFINITIONS__\\TopClickedItemsPageBlockViewsType' => __DIR__ . '/TopClickedItemsPageBlockViewsType.php',
  'Overblog\\GraphQLBundle\\__DEFINITIONS__\\ItemGroupMediaTypesType' => __DIR__ . '/ItemGroupMediaTypesType.php',
  'Overblog\\GraphQLBundle\\__DEFINITIONS__\\ContentlistPageBlockType' => __DIR__ . '/ContentlistPageBlockType.php',
  'Overblog\\GraphQLBundle\\__DEFINITIONS__\\ItemGroupContentType' => __DIR__ . '/ItemGroupContentType.php',
  'Overblog\\GraphQLBundle\\__DEFINITIONS__\\ItemGroupMediaType' => __DIR__ . '/ItemGroupMediaType.php',
  'Overblog\\GraphQLBundle\\__DEFINITIONS__\\TagPageBlockType' => __DIR__ . '/TagPageBlockType.php',
  'Overblog\\GraphQLBundle\\__DEFINITIONS__\\RecentlyAddedPageBlockType' => __DIR__ . '/RecentlyAddedPageBlockType.php',
  'Overblog\\GraphQLBundle\\__DEFINITIONS__\\LandingPageItemUpdateInputType' => __DIR__ . '/LandingPageItemUpdateInputType.php',
  'Overblog\\GraphQLBundle\\__DEFINITIONS__\\IbexaActivityLogListPageBlockType' => __DIR__ . '/IbexaActivityLogListPageBlockType.php',
  'Overblog\\GraphQLBundle\\__DEFINITIONS__\\UserItemCreateInputType' => __DIR__ . '/UserItemCreateInputType.php',
  'Overblog\\GraphQLBundle\\__DEFINITIONS__\\UserGroupItemUpdateInputType' => __DIR__ . '/UserGroupItemUpdateInputType.php',
  'Overblog\\GraphQLBundle\\__DEFINITIONS__\\CollectionPageBlockViewsType' => __DIR__ . '/CollectionPageBlockViewsType.php',
  'Overblog\\GraphQLBundle\\__DEFINITIONS__\\DynamicTargetingPageBlockViewsType' => __DIR__ . '/DynamicTargetingPageBlockViewsType.php',
  'Overblog\\GraphQLBundle\\__DEFINITIONS__\\SalesRepPageBlockViewsType' => __DIR__ . '/SalesRepPageBlockViewsType.php',
  'Overblog\\GraphQLBundle\\__DEFINITIONS__\\ItemGroupCustomerPortalType' => __DIR__ . '/ItemGroupCustomerPortalType.php',
  'Overblog\\GraphQLBundle\\__DEFINITIONS__\\UserGroupItemTypeType' => __DIR__ . '/UserGroupItemTypeType.php',
  'Overblog\\GraphQLBundle\\__DEFINITIONS__\\ProductsWithLowestStockPageBlockViewsType' => __DIR__ . '/ProductsWithLowestStockPageBlockViewsType.php',
  'Overblog\\GraphQLBundle\\__DEFINITIONS__\\TargetingPageBlockType' => __DIR__ . '/TargetingPageBlockType.php',
  'Overblog\\GraphQLBundle\\__DEFINITIONS__\\EmbedPageBlockType' => __DIR__ . '/EmbedPageBlockType.php',
  'Overblog\\GraphQLBundle\\__DEFINITIONS__\\TagItemCreateInputType' => __DIR__ . '/TagItemCreateInputType.php',
  'Overblog\\GraphQLBundle\\__DEFINITIONS__\\ArticleItemConnectionType' => __DIR__ . '/ArticleItemConnectionType.php',
  'Overblog\\GraphQLBundle\\__DEFINITIONS__\\PersonalizedPageBlockViewsType' => __DIR__ . '/PersonalizedPageBlockViewsType.php',
  'Overblog\\GraphQLBundle\\__DEFINITIONS__\\DynamicTargetingPageBlockType' => __DIR__ . '/DynamicTargetingPageBlockType.php',
  'Overblog\\GraphQLBundle\\__DEFINITIONS__\\CustomerPortalItemType' => __DIR__ . '/CustomerPortalItemType.php',
  'Overblog\\GraphQLBundle\\__DEFINITIONS__\\MyContentPageBlockViewsType' => __DIR__ . '/MyContentPageBlockViewsType.php',
  'Overblog\\GraphQLBundle\\__DEFINITIONS__\\CustomerPortalPageItemTypeType' => __DIR__ . '/CustomerPortalPageItemTypeType.php',
  'Overblog\\GraphQLBundle\\__DEFINITIONS__\\ProductCategoryTagItemCreateInputType' => __DIR__ . '/ProductCategoryTagItemCreateInputType.php',
  'Overblog\\GraphQLBundle\\__DEFINITIONS__\\PageBlocksListType' => __DIR__ . '/PageBlocksListType.php',
  'Overblog\\GraphQLBundle\\__DEFINITIONS__\\BannerPageBlockType' => __DIR__ . '/BannerPageBlockType.php',
  'Overblog\\GraphQLBundle\\__DEFINITIONS__\\EditorItemConnectionType' => __DIR__ . '/EditorItemConnectionType.php',
  'Overblog\\GraphQLBundle\\__DEFINITIONS__\\UserItemType' => __DIR__ . '/UserItemType.php',
  'Overblog\\GraphQLBundle\\__DEFINITIONS__\\BestsellersPageBlockType' => __DIR__ . '/BestsellersPageBlockType.php',
  'Overblog\\GraphQLBundle\\__DEFINITIONS__\\GalleryPageBlockType' => __DIR__ . '/GalleryPageBlockType.php',
  'Overblog\\GraphQLBundle\\__DEFINITIONS__\\LandingPageItemConnectionType' => __DIR__ . '/LandingPageItemConnectionType.php',
  'Overblog\\GraphQLBundle\\__DEFINITIONS__\\CustomerPortalItemConnectionType' => __DIR__ . '/CustomerPortalItemConnectionType.php',
  'Overblog\\GraphQLBundle\\__DEFINITIONS__\\FormItemUpdateInputType' => __DIR__ . '/FormItemUpdateInputType.php',
  'Overblog\\GraphQLBundle\\__DEFINITIONS__\\ReviewQueuePageBlockType' => __DIR__ . '/ReviewQueuePageBlockType.php',
  'Overblog\\GraphQLBundle\\__DEFINITIONS__\\FileItemTypeType' => __DIR__ . '/FileItemTypeType.php',
  'Overblog\\GraphQLBundle\\__DEFINITIONS__\\TagPageBlockViewsType' => __DIR__ . '/TagPageBlockViewsType.php',
  'Overblog\\GraphQLBundle\\__DEFINITIONS__\\LastViewedPageBlockType' => __DIR__ . '/LastViewedPageBlockType.php',
  'Overblog\\GraphQLBundle\\__DEFINITIONS__\\TargetingPageBlockViewsType' => __DIR__ . '/TargetingPageBlockViewsType.php',
  'Overblog\\GraphQLBundle\\__DEFINITIONS__\\CustomerPortalItemUpdateInputType' => __DIR__ . '/CustomerPortalItemUpdateInputType.php',
  'Overblog\\GraphQLBundle\\__DEFINITIONS__\\QualifioPageBlockType' => __DIR__ . '/QualifioPageBlockType.php',
  'Overblog\\GraphQLBundle\\__DEFINITIONS__\\LandingPageItemType' => __DIR__ . '/LandingPageItemType.php',
  'Overblog\\GraphQLBundle\\__DEFINITIONS__\\SalesRepPageBlockType' => __DIR__ . '/SalesRepPageBlockType.php',
  'Overblog\\GraphQLBundle\\__DEFINITIONS__\\CustomerPortalPageItemConnectionType' => __DIR__ . '/CustomerPortalPageItemConnectionType.php',
  'Overblog\\GraphQLBundle\\__DEFINITIONS__\\ProductCollectionPageBlockViewsType' => __DIR__ . '/ProductCollectionPageBlockViewsType.php',
  'Overblog\\GraphQLBundle\\__DEFINITIONS__\\EditorItemType' => __DIR__ . '/EditorItemType.php',
  'Overblog\\GraphQLBundle\\__DEFINITIONS__\\VideoPageBlockType' => __DIR__ . '/VideoPageBlockType.php',
  'Overblog\\GraphQLBundle\\__DEFINITIONS__\\ArticleItemTypeType' => __DIR__ . '/ArticleItemTypeType.php',
  'Overblog\\GraphQLBundle\\__DEFINITIONS__\\UserGroupItemType' => __DIR__ . '/UserGroupItemType.php',
  'Overblog\\GraphQLBundle\\__DEFINITIONS__\\TopClickedItemsPageBlockType' => __DIR__ . '/TopClickedItemsPageBlockType.php',
  'Overblog\\GraphQLBundle\\__DEFINITIONS__\\BestsellersPageBlockViewsType' => __DIR__ . '/BestsellersPageBlockViewsType.php',
  'Overblog\\GraphQLBundle\\__DEFINITIONS__\\ProductCategoryTagItemUpdateInputType' => __DIR__ . '/ProductCategoryTagItemUpdateInputType.php',
  'Overblog\\GraphQLBundle\\__DEFINITIONS__\\FormPageBlockType' => __DIR__ . '/FormPageBlockType.php',
  'Overblog\\GraphQLBundle\\__DEFINITIONS__\\FormItemType' => __DIR__ . '/FormItemType.php',
  'Overblog\\GraphQLBundle\\__DEFINITIONS__\\ArticleItemType' => __DIR__ . '/ArticleItemType.php',
  'Overblog\\GraphQLBundle\\__DEFINITIONS__\\ItemGroupUsersTypesType' => __DIR__ . '/ItemGroupUsersTypesType.php',
  'Overblog\\GraphQLBundle\\__DEFINITIONS__\\ItemMutationType' => __DIR__ . '/ItemMutationType.php',
  'Overblog\\GraphQLBundle\\__DEFINITIONS__\\MatrixFieldDefinitionType' => __DIR__ . '/MatrixFieldDefinitionType.php',
  'Overblog\\GraphQLBundle\\__DEFINITIONS__\\MatrixFieldDefinitionSettingsType' => __DIR__ . '/MatrixFieldDefinitionSettingsType.php',
  'Overblog\\GraphQLBundle\\__DEFINITIONS__\\MatrixFieldDefinitionColumnType' => __DIR__ . '/MatrixFieldDefinitionColumnType.php',
  'Overblog\\GraphQLBundle\\__DEFINITIONS__\\PageInfoType' => __DIR__ . '/PageInfoType.php',
  'Overblog\\GraphQLBundle\\__DEFINITIONS__\\TaxonomyEntryEdgeType' => __DIR__ . '/TaxonomyEntryEdgeType.php',
  'Overblog\\GraphQLBundle\\__DEFINITIONS__\\BaseProductEdgeType' => __DIR__ . '/BaseProductEdgeType.php',
  'Overblog\\GraphQLBundle\\__DEFINITIONS__\\LocationEdgeType' => __DIR__ . '/LocationEdgeType.php',
  'Overblog\\GraphQLBundle\\__DEFINITIONS__\\ProductCategoryTagItemEdgeType' => __DIR__ . '/ProductCategoryTagItemEdgeType.php',
  'Overblog\\GraphQLBundle\\__DEFINITIONS__\\ImageItemEdgeType' => __DIR__ . '/ImageItemEdgeType.php',
  'Overblog\\GraphQLBundle\\__DEFINITIONS__\\UserGroupItemEdgeType' => __DIR__ . '/UserGroupItemEdgeType.php',
  'Overblog\\GraphQLBundle\\__DEFINITIONS__\\FileItemEdgeType' => __DIR__ . '/FileItemEdgeType.php',
  'Overblog\\GraphQLBundle\\__DEFINITIONS__\\FormItemEdgeType' => __DIR__ . '/FormItemEdgeType.php',
  'Overblog\\GraphQLBundle\\__DEFINITIONS__\\UserItemEdgeType' => __DIR__ . '/UserItemEdgeType.php',
  'Overblog\\GraphQLBundle\\__DEFINITIONS__\\FolderItemEdgeType' => __DIR__ . '/FolderItemEdgeType.php',
  'Overblog\\GraphQLBundle\\__DEFINITIONS__\\TagItemEdgeType' => __DIR__ . '/TagItemEdgeType.php',
  'Overblog\\GraphQLBundle\\__DEFINITIONS__\\ArticleItemEdgeType' => __DIR__ . '/ArticleItemEdgeType.php',
  'Overblog\\GraphQLBundle\\__DEFINITIONS__\\EditorItemEdgeType' => __DIR__ . '/EditorItemEdgeType.php',
  'Overblog\\GraphQLBundle\\__DEFINITIONS__\\LandingPageItemEdgeType' => __DIR__ . '/LandingPageItemEdgeType.php',
  'Overblog\\GraphQLBundle\\__DEFINITIONS__\\CustomerPortalItemEdgeType' => __DIR__ . '/CustomerPortalItemEdgeType.php',
  'Overblog\\GraphQLBundle\\__DEFINITIONS__\\CustomerPortalPageItemEdgeType' => __DIR__ . '/CustomerPortalPageItemEdgeType.php',
);