<?php return array (
  0 => 'Symfony\\Bundle\\FrameworkBundle\\Controller\\AbstractController',
  1 => 'Bazinga\\Bundle\\JsTranslationBundle\\Controller\\Controller',
  2 => 'Doctrine\\Bundle\\DoctrineBundle\\Controller\\ProfilerController',
  3 => 'Doctrine\\ORM\\Cache\\Persister\\Entity\\AbstractEntityPersister',
  4 => 'Doctrine\\ORM\\Cache\\Persister\\Entity\\CachedEntityPersister',
  5 => 'Doctrine\\ORM\\Cache\\Persister\\Entity\\NonStrictReadWriteCachedEntityPersister',
  6 => 'Doctrine\\ORM\\Cache\\Persister\\Entity\\ReadOnlyCachedEntityPersister',
  7 => 'Doctrine\\ORM\\Cache\\Persister\\Entity\\ReadWriteCachedEntityPersister',
  8 => 'Doctrine\\ORM\\Persisters\\Entity\\AbstractEntityInheritancePersister',
  9 => 'Doctrine\\ORM\\Persisters\\Entity\\BasicEntityPersister',
  10 => 'Doctrine\\ORM\\Persisters\\Entity\\CachedPersisterContext',
  11 => 'Doctrine\\ORM\\Persisters\\Entity\\EntityPersister',
  12 => 'Doctrine\\ORM\\Persisters\\Entity\\JoinedSubclassPersister',
  13 => 'Doctrine\\ORM\\Persisters\\Entity\\SingleTablePersister',
  14 => 'FOS\\JsRoutingBundle\\Controller\\Controller',
  15 => 'Gedmo\\Loggable\\Entity\\LogEntry',
  16 => 'Gedmo\\Loggable\\Entity\\MappedSuperclass\\AbstractLogEntry',
  17 => 'Gedmo\\Loggable\\Entity\\Repository\\LogEntryRepository',
  18 => 'Gedmo\\Sortable\\Entity\\Repository\\SortableRepository',
  19 => 'Gedmo\\Translatable\\Entity\\MappedSuperclass\\AbstractPersonalTranslation',
  20 => 'Gedmo\\Translatable\\Entity\\MappedSuperclass\\AbstractTranslation',
  21 => 'Gedmo\\Translatable\\Entity\\Repository\\TranslationRepository',
  22 => 'Gedmo\\Translatable\\Entity\\Translation',
  23 => 'Gedmo\\Translator\\Entity\\Translation',
  24 => 'Gedmo\\Tree\\Entity\\MappedSuperclass\\AbstractClosure',
  25 => 'Gedmo\\Tree\\Entity\\Repository\\AbstractTreeRepository',
  26 => 'Gedmo\\Tree\\Entity\\Repository\\ClosureTreeRepository',
  27 => 'Gedmo\\Tree\\Entity\\Repository\\MaterializedPathRepository',
  28 => 'Gedmo\\Tree\\Entity\\Repository\\NestedTreeRepository',
  29 => 'Gregwar\\CaptchaBundle\\Controller\\CaptchaController',
  30 => 'Ibexa\\Bundle\\ActivityLog\\Controller\\ActivityLogController',
  31 => 'Ibexa\\Bundle\\ActivityLog\\Controller\\REST\\ActivityLog\\ListController',
  32 => 'Ibexa\\Bundle\\AdminUi\\Controller\\ApplicationConfigController',
  33 => 'Ibexa\\Bundle\\AdminUi\\Controller\\AssetController',
  34 => 'Ibexa\\Bundle\\AdminUi\\Controller\\BookmarkController',
  35 => 'Ibexa\\Bundle\\AdminUi\\Controller\\BulkOperation\\BulkOperationController',
  36 => 'Ibexa\\Bundle\\AdminUi\\Controller\\ContentController',
  37 => 'Ibexa\\Bundle\\AdminUi\\Controller\\ContentDraftController',
  38 => 'Ibexa\\Bundle\\AdminUi\\Controller\\ContentEditController',
  39 => 'Ibexa\\Bundle\\AdminUi\\Controller\\ContentOnTheFlyController',
  40 => 'Ibexa\\Bundle\\AdminUi\\Controller\\ContentTypeController',
  41 => 'Ibexa\\Bundle\\AdminUi\\Controller\\ContentTypeGroupController',
  42 => 'Ibexa\\Bundle\\AdminUi\\Controller\\ContentViewController',
  43 => 'Ibexa\\Bundle\\AdminUi\\Controller\\Content\\ContentTreeController',
  44 => 'Ibexa\\Bundle\\AdminUi\\Controller\\Content\\VersionDraftConflictController',
  45 => 'Ibexa\\Bundle\\AdminUi\\Controller\\DashboardController',
  46 => 'Ibexa\\Bundle\\AdminUi\\Controller\\DownloadImageController',
  47 => 'Ibexa\\Bundle\\AdminUi\\Controller\\FieldDefinitionController',
  48 => 'Ibexa\\Bundle\\AdminUi\\Controller\\LanguageController',
  49 => 'Ibexa\\Bundle\\AdminUi\\Controller\\LinkManagerController',
  50 => 'Ibexa\\Bundle\\AdminUi\\Controller\\LocationController',
  51 => 'Ibexa\\Bundle\\AdminUi\\Controller\\NotificationController',
  52 => 'Ibexa\\Bundle\\AdminUi\\Controller\\ObjectStateController',
  53 => 'Ibexa\\Bundle\\AdminUi\\Controller\\ObjectStateGroupController',
  54 => 'Ibexa\\Bundle\\AdminUi\\Controller\\Permission\\LanguageLimitationController',
  55 => 'Ibexa\\Bundle\\AdminUi\\Controller\\PolicyController',
  56 => 'Ibexa\\Bundle\\AdminUi\\Controller\\RoleAssignmentController',
  57 => 'Ibexa\\Bundle\\AdminUi\\Controller\\RoleController',
  58 => 'Ibexa\\Bundle\\AdminUi\\Controller\\SectionController',
  59 => 'Ibexa\\Bundle\\AdminUi\\Controller\\TranslationController',
  60 => 'Ibexa\\Bundle\\AdminUi\\Controller\\TrashController',
  61 => 'Ibexa\\Bundle\\AdminUi\\Controller\\URLManagementController',
  62 => 'Ibexa\\Bundle\\AdminUi\\Controller\\URLWildcardController',
  63 => 'Ibexa\\Bundle\\AdminUi\\Controller\\UniversalDiscoveryController',
  64 => 'Ibexa\\Bundle\\AdminUi\\Controller\\UrlAliasController',
  65 => 'Ibexa\\Bundle\\AdminUi\\Controller\\UserOnTheFlyController',
  66 => 'Ibexa\\Bundle\\AdminUi\\Controller\\User\\FocusModeController',
  67 => 'Ibexa\\Bundle\\AdminUi\\Controller\\User\\InvitationController',
  68 => 'Ibexa\\Bundle\\AdminUi\\Controller\\User\\ProfileEditController',
  69 => 'Ibexa\\Bundle\\AdminUi\\Controller\\User\\ProfileViewController',
  70 => 'Ibexa\\Bundle\\AdminUi\\Controller\\User\\UserDeleteController',
  71 => 'Ibexa\\Bundle\\AdminUi\\Controller\\VersionController',
  72 => 'Ibexa\\Bundle\\AdminUi\\Controller\\Version\\VersionConflictController',
  73 => 'Ibexa\\Bundle\\Calendar\\Controller\\CalendarController',
  74 => 'Ibexa\\Bundle\\Calendar\\Controller\\REST\\EventController',
  75 => 'Ibexa\\Bundle\\Connect\\Controller\\REST\\TemplateController',
  76 => 'Ibexa\\Bundle\\ConnectorQualifio\\Controller\\QualifioController',
  77 => 'Ibexa\\Bundle\\Connector\\Dam\\Controller\\AssetSearchController',
  78 => 'Ibexa\\Bundle\\Connector\\Dam\\Controller\\AssetVariationController',
  79 => 'Ibexa\\Bundle\\Connector\\Dam\\Controller\\AssetViewController',
  80 => 'Ibexa\\Bundle\\Connector\\Dam\\Controller\\Rest\\AssetController',
  81 => 'Ibexa\\Bundle\\ContentForms\\Controller\\ContentEditController',
  82 => 'Ibexa\\Bundle\\ContentForms\\Controller\\UserController',
  83 => 'Ibexa\\Bundle\\ContentForms\\Controller\\UserRegisterController',
  84 => 'Ibexa\\Bundle\\Core\\Entity\\EntityManagerFactory',
  85 => 'Ibexa\\Bundle\\CorporateAccount\\Controller\\ApplicationDeleteController',
  86 => 'Ibexa\\Bundle\\CorporateAccount\\Controller\\ApplicationDetailsController',
  87 => 'Ibexa\\Bundle\\CorporateAccount\\Controller\\ApplicationEditController',
  88 => 'Ibexa\\Bundle\\CorporateAccount\\Controller\\ApplicationListController',
  89 => 'Ibexa\\Bundle\\CorporateAccount\\Controller\\ApplicationWorkflowController',
  90 => 'Ibexa\\Bundle\\CorporateAccount\\Controller\\CompanyAddressController',
  91 => 'Ibexa\\Bundle\\CorporateAccount\\Controller\\CompanyCreateController',
  92 => 'Ibexa\\Bundle\\CorporateAccount\\Controller\\CompanyDetailsController',
  93 => 'Ibexa\\Bundle\\CorporateAccount\\Controller\\CompanyEditController',
  94 => 'Ibexa\\Bundle\\CorporateAccount\\Controller\\CompanyListController',
  95 => 'Ibexa\\Bundle\\CorporateAccount\\Controller\\CompanyStatusController',
  96 => 'Ibexa\\Bundle\\CorporateAccount\\Controller\\Controller',
  97 => 'Ibexa\\Bundle\\CorporateAccount\\Controller\\CorporatePortal\\AddressBookController',
  98 => 'Ibexa\\Bundle\\CorporateAccount\\Controller\\CorporatePortal\\ApplicationController',
  99 => 'Ibexa\\Bundle\\CorporateAccount\\Controller\\CorporatePortal\\BillingAddressController',
  100 => 'Ibexa\\Bundle\\CorporateAccount\\Controller\\CorporatePortal\\ContactController',
  101 => 'Ibexa\\Bundle\\CorporateAccount\\Controller\\CorporatePortal\\CustomerCenterController',
  102 => 'Ibexa\\Bundle\\CorporateAccount\\Controller\\CorporatePortal\\CustomerPortalEntryController',
  103 => 'Ibexa\\Bundle\\CorporateAccount\\Controller\\CorporatePortal\\InvitationController',
  104 => 'Ibexa\\Bundle\\CorporateAccount\\Controller\\CorporatePortal\\MembersController',
  105 => 'Ibexa\\Bundle\\CorporateAccount\\Controller\\CorporatePortal\\MyProfileController',
  106 => 'Ibexa\\Bundle\\CorporateAccount\\Controller\\CorporatePortal\\OrdersController',
  107 => 'Ibexa\\Bundle\\CorporateAccount\\Controller\\CorporatePortal\\ShippingAddressController',
  108 => 'Ibexa\\Bundle\\CorporateAccount\\Controller\\IndividualListController',
  109 => 'Ibexa\\Bundle\\CorporateAccount\\Controller\\InvitationController',
  110 => 'Ibexa\\Bundle\\CorporateAccount\\Controller\\MemberCreateController',
  111 => 'Ibexa\\Bundle\\CorporateAccount\\Controller\\MemberEditController',
  112 => 'Ibexa\\Bundle\\CorporateAccount\\Controller\\REST\\CompanyController',
  113 => 'Ibexa\\Bundle\\CorporateAccount\\Controller\\REST\\MemberController',
  114 => 'Ibexa\\Bundle\\CorporateAccount\\Controller\\REST\\RootController',
  115 => 'Ibexa\\Bundle\\CorporateAccount\\Controller\\REST\\SalesRepresentativesController',
  116 => 'Ibexa\\Bundle\\CorporateAccount\\Controller\\ShippingAddressCreateController',
  117 => 'Ibexa\\Bundle\\CorporateAccount\\Controller\\ShippingAddressDeleteController',
  118 => 'Ibexa\\Bundle\\CorporateAccount\\Controller\\ShippingAddressEditController',
  119 => 'Ibexa\\Bundle\\CorporateAccount\\Controller\\ShippingAddressSetAsDefaultController',
  120 => 'Ibexa\\Bundle\\Dashboard\\Controller\\ChangeActiveDashboardController',
  121 => 'Ibexa\\Bundle\\Dashboard\\Controller\\CustomizeDashboardController',
  122 => 'Ibexa\\Bundle\\Dashboard\\Controller\\DashboardContentTypeController',
  123 => 'Ibexa\\Bundle\\Dashboard\\Controller\\DashboardController',
  124 => 'Ibexa\\Bundle\\Dashboard\\Controller\\HideDashboardBannerController',
  125 => 'Ibexa\\Bundle\\FieldTypeAddress\\Controller\\AddressController',
  126 => 'Ibexa\\Bundle\\FieldTypePage\\Controller\\BlockController',
  127 => 'Ibexa\\Bundle\\FieldTypeQuery\\Controller\\QueryFieldRestController',
  128 => 'Ibexa\\Bundle\\FormBuilder\\Controller\\CaptchaController',
  129 => 'Ibexa\\Bundle\\FormBuilder\\Controller\\FieldController',
  130 => 'Ibexa\\Bundle\\FormBuilder\\Controller\\FormBuilderController',
  131 => 'Ibexa\\Bundle\\FormBuilder\\Controller\\FormSubmissionController',
  132 => 'Ibexa\\Bundle\\HttpCache\\Controller\\InvalidateTokenController',
  133 => 'Ibexa\\Bundle\\ImageEditor\\Controller\\Base64Controller',
  134 => 'Ibexa\\Bundle\\ImageEditor\\Controller\\ImageAssetController',
  135 => 'Ibexa\\Bundle\\OAuth2Client\\Controller\\OAuth2Controller',
  136 => 'Ibexa\\Bundle\\PageBuilder\\Controller\\BlockController',
  137 => 'Ibexa\\Bundle\\PageBuilder\\Controller\\PageController',
  138 => 'Ibexa\\Bundle\\PageBuilder\\Controller\\PreviewController',
  139 => 'Ibexa\\Bundle\\PageBuilder\\Controller\\ScheduleBlockController',
  140 => 'Ibexa\\Bundle\\PageBuilder\\Controller\\TimelineController',
  141 => 'Ibexa\\Bundle\\Personalization\\Controller\\AbstractPersonalizationAjaxController',
  142 => 'Ibexa\\Bundle\\Personalization\\Controller\\AbstractPersonalizationController',
  143 => 'Ibexa\\Bundle\\Personalization\\Controller\\AbstractSetupController',
  144 => 'Ibexa\\Bundle\\Personalization\\Controller\\AccountController',
  145 => 'Ibexa\\Bundle\\Personalization\\Controller\\ChartController',
  146 => 'Ibexa\\Bundle\\Personalization\\Controller\\DashboardController',
  147 => 'Ibexa\\Bundle\\Personalization\\Controller\\ImportController',
  148 => 'Ibexa\\Bundle\\Personalization\\Controller\\ModelController',
  149 => 'Ibexa\\Bundle\\Personalization\\Controller\\OutputTypeController',
  150 => 'Ibexa\\Bundle\\Personalization\\Controller\\REST\\ContentController',
  151 => 'Ibexa\\Bundle\\Personalization\\Controller\\REST\\ExportController',
  152 => 'Ibexa\\Bundle\\Personalization\\Controller\\RecommendationController',
  153 => 'Ibexa\\Bundle\\Personalization\\Controller\\RecommendationPreviewController',
  154 => 'Ibexa\\Bundle\\Personalization\\Controller\\ReportController',
  155 => 'Ibexa\\Bundle\\Personalization\\Controller\\ScenarioController',
  156 => 'Ibexa\\Bundle\\Personalization\\Controller\\SearchController',
  157 => 'Ibexa\\Bundle\\Personalization\\Controller\\WelcomeController',
  158 => 'Ibexa\\Bundle\\ProductCatalog\\Controller\\AttributeDefinition\\BulkDeleteController',
  159 => 'Ibexa\\Bundle\\ProductCatalog\\Controller\\AttributeDefinition\\CreateController',
  160 => 'Ibexa\\Bundle\\ProductCatalog\\Controller\\AttributeDefinition\\CreateTranslationController',
  161 => 'Ibexa\\Bundle\\ProductCatalog\\Controller\\AttributeDefinition\\DeleteController',
  162 => 'Ibexa\\Bundle\\ProductCatalog\\Controller\\AttributeDefinition\\DeleteTranslationController',
  163 => 'Ibexa\\Bundle\\ProductCatalog\\Controller\\AttributeDefinition\\ListController',
  164 => 'Ibexa\\Bundle\\ProductCatalog\\Controller\\AttributeDefinition\\PreCreateController',
  165 => 'Ibexa\\Bundle\\ProductCatalog\\Controller\\AttributeDefinition\\UpdateController',
  166 => 'Ibexa\\Bundle\\ProductCatalog\\Controller\\AttributeDefinition\\ViewController',
  167 => 'Ibexa\\Bundle\\ProductCatalog\\Controller\\AttributeGroup\\BulkDeleteController',
  168 => 'Ibexa\\Bundle\\ProductCatalog\\Controller\\AttributeGroup\\CreateController',
  169 => 'Ibexa\\Bundle\\ProductCatalog\\Controller\\AttributeGroup\\CreateTranslationController',
  170 => 'Ibexa\\Bundle\\ProductCatalog\\Controller\\AttributeGroup\\DeleteTranslationController',
  171 => 'Ibexa\\Bundle\\ProductCatalog\\Controller\\AttributeGroup\\ListController',
  172 => 'Ibexa\\Bundle\\ProductCatalog\\Controller\\AttributeGroup\\UpdateController',
  173 => 'Ibexa\\Bundle\\ProductCatalog\\Controller\\AttributeGroup\\ViewController',
  174 => 'Ibexa\\Bundle\\ProductCatalog\\Controller\\Catalog\\BulkDeleteController',
  175 => 'Ibexa\\Bundle\\ProductCatalog\\Controller\\Catalog\\CopyController',
  176 => 'Ibexa\\Bundle\\ProductCatalog\\Controller\\Catalog\\CreateController',
  177 => 'Ibexa\\Bundle\\ProductCatalog\\Controller\\Catalog\\CreateTranslationController',
  178 => 'Ibexa\\Bundle\\ProductCatalog\\Controller\\Catalog\\DeleteController',
  179 => 'Ibexa\\Bundle\\ProductCatalog\\Controller\\Catalog\\DeleteTranslationController',
  180 => 'Ibexa\\Bundle\\ProductCatalog\\Controller\\Catalog\\ListController',
  181 => 'Ibexa\\Bundle\\ProductCatalog\\Controller\\Catalog\\ProductsPreviewController',
  182 => 'Ibexa\\Bundle\\ProductCatalog\\Controller\\Catalog\\TransitionController',
  183 => 'Ibexa\\Bundle\\ProductCatalog\\Controller\\Catalog\\UpdateController',
  184 => 'Ibexa\\Bundle\\ProductCatalog\\Controller\\Catalog\\ViewController',
  185 => 'Ibexa\\Bundle\\ProductCatalog\\Controller\\Currency\\BulkDeleteController',
  186 => 'Ibexa\\Bundle\\ProductCatalog\\Controller\\Currency\\CreateController',
  187 => 'Ibexa\\Bundle\\ProductCatalog\\Controller\\Currency\\ListController',
  188 => 'Ibexa\\Bundle\\ProductCatalog\\Controller\\Currency\\UpdateController',
  189 => 'Ibexa\\Bundle\\ProductCatalog\\Controller\\CustomerGroup\\BulkDeleteController',
  190 => 'Ibexa\\Bundle\\ProductCatalog\\Controller\\CustomerGroup\\CreateController',
  191 => 'Ibexa\\Bundle\\ProductCatalog\\Controller\\CustomerGroup\\CreateTranslationController',
  192 => 'Ibexa\\Bundle\\ProductCatalog\\Controller\\CustomerGroup\\DeleteController',
  193 => 'Ibexa\\Bundle\\ProductCatalog\\Controller\\CustomerGroup\\DeleteTranslationController',
  194 => 'Ibexa\\Bundle\\ProductCatalog\\Controller\\CustomerGroup\\ListController',
  195 => 'Ibexa\\Bundle\\ProductCatalog\\Controller\\CustomerGroup\\UpdateController',
  196 => 'Ibexa\\Bundle\\ProductCatalog\\Controller\\CustomerGroup\\ViewController',
  197 => 'Ibexa\\Bundle\\ProductCatalog\\Controller\\Personalization\\REST\\ProductVariantController',
  198 => 'Ibexa\\Bundle\\ProductCatalog\\Controller\\ProductType\\BulkDeleteController',
  199 => 'Ibexa\\Bundle\\ProductCatalog\\Controller\\ProductType\\CreateController',
  200 => 'Ibexa\\Bundle\\ProductCatalog\\Controller\\ProductType\\CreateTranslationController',
  201 => 'Ibexa\\Bundle\\ProductCatalog\\Controller\\ProductType\\DeleteController',
  202 => 'Ibexa\\Bundle\\ProductCatalog\\Controller\\ProductType\\DeleteTranslationController',
  203 => 'Ibexa\\Bundle\\ProductCatalog\\Controller\\ProductType\\ListController',
  204 => 'Ibexa\\Bundle\\ProductCatalog\\Controller\\ProductType\\UpdateController',
  205 => 'Ibexa\\Bundle\\ProductCatalog\\Controller\\ProductType\\ViewController',
  206 => 'Ibexa\\Bundle\\ProductCatalog\\Controller\\Product\\Availability\\CreateController',
  207 => 'Ibexa\\Bundle\\ProductCatalog\\Controller\\Product\\Availability\\UpdateController',
  208 => 'Ibexa\\Bundle\\ProductCatalog\\Controller\\Product\\BulkDeleteController',
  209 => 'Ibexa\\Bundle\\ProductCatalog\\Controller\\Product\\Controller',
  210 => 'Ibexa\\Bundle\\ProductCatalog\\Controller\\Product\\CreateAssetController',
  211 => 'Ibexa\\Bundle\\ProductCatalog\\Controller\\Product\\CreateController',
  212 => 'Ibexa\\Bundle\\ProductCatalog\\Controller\\Product\\CreateTranslationController',
  213 => 'Ibexa\\Bundle\\ProductCatalog\\Controller\\Product\\CreateVariantController',
  214 => 'Ibexa\\Bundle\\ProductCatalog\\Controller\\Product\\DeleteAssetController',
  215 => 'Ibexa\\Bundle\\ProductCatalog\\Controller\\Product\\DeleteController',
  216 => 'Ibexa\\Bundle\\ProductCatalog\\Controller\\Product\\DeleteTranslationController',
  217 => 'Ibexa\\Bundle\\ProductCatalog\\Controller\\Product\\GenerateVariantController',
  218 => 'Ibexa\\Bundle\\ProductCatalog\\Controller\\Product\\ListController',
  219 => 'Ibexa\\Bundle\\ProductCatalog\\Controller\\Product\\Price\\CreateController',
  220 => 'Ibexa\\Bundle\\ProductCatalog\\Controller\\Product\\Price\\DeleteController',
  221 => 'Ibexa\\Bundle\\ProductCatalog\\Controller\\Product\\Price\\UpdateController',
  222 => 'Ibexa\\Bundle\\ProductCatalog\\Controller\\Product\\RedirectController',
  223 => 'Ibexa\\Bundle\\ProductCatalog\\Controller\\Product\\TagAssetController',
  224 => 'Ibexa\\Bundle\\ProductCatalog\\Controller\\Product\\UpdateController',
  225 => 'Ibexa\\Bundle\\ProductCatalog\\Controller\\Product\\UpdateVariantController',
  226 => 'Ibexa\\Bundle\\ProductCatalog\\Controller\\Product\\ViewController',
  227 => 'Ibexa\\Bundle\\ProductCatalog\\Controller\\REST\\AttributeController',
  228 => 'Ibexa\\Bundle\\ProductCatalog\\Controller\\REST\\AttributeGroupController',
  229 => 'Ibexa\\Bundle\\ProductCatalog\\Controller\\REST\\AttributeGroupViewController',
  230 => 'Ibexa\\Bundle\\ProductCatalog\\Controller\\REST\\AttributeViewController',
  231 => 'Ibexa\\Bundle\\ProductCatalog\\Controller\\REST\\CatalogController',
  232 => 'Ibexa\\Bundle\\ProductCatalog\\Controller\\REST\\CatalogProductsViewController',
  233 => 'Ibexa\\Bundle\\ProductCatalog\\Controller\\REST\\CatalogViewController',
  234 => 'Ibexa\\Bundle\\ProductCatalog\\Controller\\REST\\CurrencyController',
  235 => 'Ibexa\\Bundle\\ProductCatalog\\Controller\\REST\\CurrencyViewController',
  236 => 'Ibexa\\Bundle\\ProductCatalog\\Controller\\REST\\CustomerGroupController',
  237 => 'Ibexa\\Bundle\\ProductCatalog\\Controller\\REST\\CustomerGroupViewController',
  238 => 'Ibexa\\Bundle\\ProductCatalog\\Controller\\REST\\PriceController',
  239 => 'Ibexa\\Bundle\\ProductCatalog\\Controller\\REST\\ProductController',
  240 => 'Ibexa\\Bundle\\ProductCatalog\\Controller\\REST\\ProductTypeController',
  241 => 'Ibexa\\Bundle\\ProductCatalog\\Controller\\REST\\ProductTypeViewController',
  242 => 'Ibexa\\Bundle\\ProductCatalog\\Controller\\REST\\ProductVariantController',
  243 => 'Ibexa\\Bundle\\ProductCatalog\\Controller\\REST\\ProductVariantViewController',
  244 => 'Ibexa\\Bundle\\ProductCatalog\\Controller\\REST\\ProductViewController',
  245 => 'Ibexa\\Bundle\\ProductCatalog\\Controller\\REST\\RegionController',
  246 => 'Ibexa\\Bundle\\ProductCatalog\\Controller\\REST\\RegionViewController',
  247 => 'Ibexa\\Bundle\\ProductCatalog\\Controller\\REST\\VatController',
  248 => 'Ibexa\\Bundle\\ProductCatalog\\Controller\\Regions\\ListController',
  249 => 'Ibexa\\Bundle\\Scheduler\\Controller\\DateBasedContentController',
  250 => 'Ibexa\\Bundle\\Scheduler\\Controller\\DateBasedPublisherController',
  251 => 'Ibexa\\Bundle\\Search\\Controller\\SearchController',
  252 => 'Ibexa\\Bundle\\Search\\Controller\\SuggestionController',
  253 => 'Ibexa\\Bundle\\Segmentation\\Controller\\REST\\SegmentGroup\\SegmentGroupListController',
  254 => 'Ibexa\\Bundle\\Segmentation\\Controller\\REST\\SegmentGroup\\SegmentGroupViewController',
  255 => 'Ibexa\\Bundle\\Segmentation\\Controller\\REST\\Segment\\SegmentListController',
  256 => 'Ibexa\\Bundle\\Segmentation\\Controller\\REST\\Segment\\SegmentViewController',
  257 => 'Ibexa\\Bundle\\Segmentation\\Controller\\REST\\UserSegment\\UserSegmentAssignController',
  258 => 'Ibexa\\Bundle\\Segmentation\\Controller\\REST\\UserSegment\\UserSegmentListController',
  259 => 'Ibexa\\Bundle\\Segmentation\\Controller\\REST\\UserSegment\\UserSegmentUnassignController',
  260 => 'Ibexa\\Bundle\\Segmentation\\Controller\\SegmentController',
  261 => 'Ibexa\\Bundle\\SiteContext\\Controller\\ChangeContextController',
  262 => 'Ibexa\\Bundle\\SiteContext\\Controller\\FullscreenPreviewController',
  263 => 'Ibexa\\Bundle\\SiteContext\\Controller\\LocationPreviewController',
  264 => 'Ibexa\\Bundle\\SiteFactory\\Controller\\SiteController',
  265 => 'Ibexa\\Bundle\\SystemInfo\\Controller\\SystemInfoController',
  266 => 'Ibexa\\Bundle\\Taxonomy\\Controller\\ContentController',
  267 => 'Ibexa\\Bundle\\Taxonomy\\Controller\\ContentEditController',
  268 => 'Ibexa\\Bundle\\Taxonomy\\Controller\\ContentProxyController',
  269 => 'Ibexa\\Bundle\\Taxonomy\\Controller\\ContentViewController',
  270 => 'Ibexa\\Bundle\\Taxonomy\\Controller\\REST\\TaxonomyEntryAssignmentController',
  271 => 'Ibexa\\Bundle\\Taxonomy\\Controller\\REST\\TaxonomyEntryController',
  272 => 'Ibexa\\Bundle\\Taxonomy\\Controller\\TreeController',
  273 => 'Ibexa\\Bundle\\User\\Controller\\Controller',
  274 => 'Ibexa\\Bundle\\User\\Controller\\DefaultProfileImageController',
  275 => 'Ibexa\\Bundle\\User\\Controller\\PasswordChangeController',
  276 => 'Ibexa\\Bundle\\User\\Controller\\PasswordResetController',
  277 => 'Ibexa\\Bundle\\User\\Controller\\UserInvitationController',
  278 => 'Ibexa\\Bundle\\User\\Controller\\UserRegisterController',
  279 => 'Ibexa\\Bundle\\User\\Controller\\UserSettingsController',
  280 => 'Ibexa\\Bundle\\VersionComparison\\Controller\\VersionComparisonController',
  281 => 'Ibexa\\Bundle\\Workflow\\Controller\\SuggestReviewerController',
  282 => 'Ibexa\\Bundle\\Workflow\\Controller\\TransitionController',
  283 => 'Ibexa\\Bundle\\Workflow\\Controller\\WorkflowController',
  284 => 'Ibexa\\Contracts\\AdminUi\\Controller\\Controller',
  285 => 'Ibexa\\Core\\MVC\\Symfony\\Controller\\Content\\DownloadController',
  286 => 'Ibexa\\Core\\MVC\\Symfony\\Controller\\Content\\DownloadRedirectionController',
  287 => 'Ibexa\\Core\\MVC\\Symfony\\Controller\\Content\\PreviewController',
  288 => 'Ibexa\\Core\\MVC\\Symfony\\Controller\\Content\\QueryController',
  289 => 'Ibexa\\Core\\MVC\\Symfony\\Controller\\Content\\ViewController',
  290 => 'Ibexa\\Core\\MVC\\Symfony\\Controller\\Controller',
  291 => 'Ibexa\\Core\\MVC\\Symfony\\Controller\\QueryRenderController',
  292 => 'Ibexa\\Core\\MVC\\Symfony\\Controller\\SecurityController',
  293 => 'Ibexa\\Rest\\Server\\Controller\\BinaryContent',
  294 => 'Ibexa\\Rest\\Server\\Controller\\Bookmark',
  295 => 'Ibexa\\Rest\\Server\\Controller\\Content',
  296 => 'Ibexa\\Rest\\Server\\Controller\\ContentType',
  297 => 'Ibexa\\Rest\\Server\\Controller\\JWT',
  298 => 'Ibexa\\Rest\\Server\\Controller\\Language',
  299 => 'Ibexa\\Rest\\Server\\Controller\\Location',
  300 => 'Ibexa\\Rest\\Server\\Controller\\ObjectState',
  301 => 'Ibexa\\Rest\\Server\\Controller\\Options',
  302 => 'Ibexa\\Rest\\Server\\Controller\\Role',
  303 => 'Ibexa\\Rest\\Server\\Controller\\Root',
  304 => 'Ibexa\\Rest\\Server\\Controller\\Section',
  305 => 'Ibexa\\Rest\\Server\\Controller\\Services',
  306 => 'Ibexa\\Rest\\Server\\Controller\\SessionController',
  307 => 'Ibexa\\Rest\\Server\\Controller\\Trash',
  308 => 'Ibexa\\Rest\\Server\\Controller\\URLAlias',
  309 => 'Ibexa\\Rest\\Server\\Controller\\URLWildcard',
  310 => 'Ibexa\\Rest\\Server\\Controller\\User',
  311 => 'Ibexa\\Rest\\Server\\Controller\\Views',
  312 => 'Ibexa\\Taxonomy\\Persistence\\Entity\\TaxonomyEntry',
  313 => 'Ibexa\\Taxonomy\\Persistence\\Entity\\TaxonomyEntryAssignment',
  314 => 'JMS\\TranslationBundle\\Controller\\ApiController',
  315 => 'JMS\\TranslationBundle\\Controller\\TranslateController',
  316 => 'Liip\\ImagineBundle\\Config\\Controller\\ControllerConfig',
  317 => 'Liip\\ImagineBundle\\Controller\\ImagineController',
  318 => 'Overblog\\GraphQLBundle\\Controller\\GraphController',
  319 => 'Overblog\\GraphQLBundle\\Controller\\ProfilerController',
  320 => 'Overblog\\GraphiQLBundle\\Controller\\GraphiQLController',
  322 => 'Symfony\\Bundle\\FrameworkBundle\\Controller\\ControllerResolver',
  323 => 'Symfony\\Bundle\\FrameworkBundle\\Controller\\RedirectController',
  324 => 'Symfony\\Bundle\\FrameworkBundle\\Controller\\TemplateController',
  325 => 'Symfony\\Bundle\\WebProfilerBundle\\Controller\\ExceptionPanelController',
  326 => 'Symfony\\Bundle\\WebProfilerBundle\\Controller\\ProfilerController',
  327 => 'Symfony\\Bundle\\WebProfilerBundle\\Controller\\RouterController',
  328 => 'Symfony\\Component\\HttpKernel\\Controller\\ArgumentResolver',
  329 => 'Symfony\\Component\\HttpKernel\\Controller\\ArgumentResolverInterface',
  330 => 'Symfony\\Component\\HttpKernel\\Controller\\ArgumentResolver\\DefaultValueResolver',
  331 => 'Symfony\\Component\\HttpKernel\\Controller\\ArgumentResolver\\NotTaggedControllerValueResolver',
  332 => 'Symfony\\Component\\HttpKernel\\Controller\\ArgumentResolver\\RequestAttributeValueResolver',
  333 => 'Symfony\\Component\\HttpKernel\\Controller\\ArgumentResolver\\RequestValueResolver',
  334 => 'Symfony\\Component\\HttpKernel\\Controller\\ArgumentResolver\\ServiceValueResolver',
  335 => 'Symfony\\Component\\HttpKernel\\Controller\\ArgumentResolver\\SessionValueResolver',
  336 => 'Symfony\\Component\\HttpKernel\\Controller\\ArgumentResolver\\TraceableValueResolver',
  337 => 'Symfony\\Component\\HttpKernel\\Controller\\ArgumentResolver\\VariadicValueResolver',
  338 => 'Symfony\\Component\\HttpKernel\\Controller\\ArgumentValueResolverInterface',
  339 => 'Symfony\\Component\\HttpKernel\\Controller\\ContainerControllerResolver',
  340 => 'Symfony\\Component\\HttpKernel\\Controller\\ControllerReference',
  341 => 'Symfony\\Component\\HttpKernel\\Controller\\ControllerResolver',
  342 => 'Symfony\\Component\\HttpKernel\\Controller\\ControllerResolverInterface',
  343 => 'Symfony\\Component\\HttpKernel\\Controller\\ErrorController',
  344 => 'Symfony\\Component\\HttpKernel\\Controller\\TraceableArgumentResolver',
  345 => 'Symfony\\Component\\HttpKernel\\Controller\\TraceableControllerResolver',
  346 => 'Symfony\\Component\\Security\\Http\\Controller\\UserValueResolver',
);